ARM GAS  /tmp/ccxtCNCU.s 			page 1


   1              		.cpu cortex-m3
   2              		.arch armv7-m
   3              		.fpu softvfp
   4              		.eabi_attribute 20, 1
   5              		.eabi_attribute 21, 1
   6              		.eabi_attribute 23, 3
   7              		.eabi_attribute 24, 1
   8              		.eabi_attribute 25, 1
   9              		.eabi_attribute 26, 1
  10              		.eabi_attribute 30, 1
  11              		.eabi_attribute 34, 1
  12              		.eabi_attribute 18, 4
  13              		.file	"main.c"
  14              		.text
  15              	.Ltext0:
  16              		.cfi_sections	.debug_frame
  17              		.file 1 "main.c"
  18              		.section	.rodata.main.str1.4,"aMS",%progbits,1
  19              		.align	2
  20              	.LC0:
  21 0000 48656C6C 		.ascii	"Hello, World!\000"
  21      6F2C2057 
  21      6F726C64 
  21      2100
  22              		.section	.text.main,"ax",%progbits
  23              		.align	1
  24              		.global	main
  25              		.syntax unified
  26              		.thumb
  27              		.thumb_func
  29              	main:
  30              	.LFB3:
   1:main.c        **** #include <stdio.h>
   2:main.c        **** #include <stdlib.h>
   3:main.c        **** 
   4:main.c        **** int main(void) {
  31              		.loc 1 4 16 view -0
  32              		.cfi_startproc
  33              		@ Volatile: function does not return.
  34              		@ args = 0, pretend = 0, frame = 0
  35              		@ frame_needed = 0, uses_anonymous_args = 0
  36 0000 08B5     		push	{r3, lr}
  37              	.LCFI0:
  38              		.cfi_def_cfa_offset 8
  39              		.cfi_offset 3, -8
  40              		.cfi_offset 14, -4
   5:main.c        ****   // Say Hello
   6:main.c        ****   printf("Hello, World!\n");
  41              		.loc 1 6 3 view .LVU1
  42 0002 0248     		ldr	r0, .L4
  43 0004 FFF7FEFF 		bl	puts
  44              	.LVL0:
  45              	.L2:
   7:main.c        ****   
   8:main.c        ****   // When running direcly on hardware, the processor always 
   9:main.c        ****   // needs explicit instructions on what to do next.
  10:main.c        ****   // So we never end the main function, instead we just loop forever!
ARM GAS  /tmp/ccxtCNCU.s 			page 2


  11:main.c        ****   while(1);
  46              		.loc 1 11 3 view .LVU2
  47              		.loc 1 11 8 view .LVU3
  48 0008 FEE7     		b	.L2
  49              	.L5:
  50 000a 00BF     		.align	2
  51              	.L4:
  52 000c 00000000 		.word	.LC0
  53              		.cfi_endproc
  54              	.LFE3:
  56              		.text
  57              	.Letext0:
  58              		.file 2 "<built-in>"
ARM GAS  /tmp/ccxtCNCU.s 			page 3


DEFINED SYMBOLS
                            *ABS*:00000000 main.c
     /tmp/ccxtCNCU.s:19     .rodata.main.str1.4:00000000 $d
     /tmp/ccxtCNCU.s:23     .text.main:00000000 $t
     /tmp/ccxtCNCU.s:29     .text.main:00000000 main
     /tmp/ccxtCNCU.s:52     .text.main:0000000c $d

UNDEFINED SYMBOLS
puts
