ARM GAS  /tmp/ccJdskKm.s 			page 1


   1              		.cpu cortex-m3
   2              		.arch armv7-m
   3              		.fpu softvfp
   4              		.eabi_attribute 20, 1
   5              		.eabi_attribute 21, 1
   6              		.eabi_attribute 23, 3
   7              		.eabi_attribute 24, 1
   8              		.eabi_attribute 25, 1
   9              		.eabi_attribute 26, 1
  10              		.eabi_attribute 30, 1
  11              		.eabi_attribute 34, 1
  12              		.eabi_attribute 18, 4
  13              		.file	"syscalls.c"
  14              		.text
  15              	.Ltext0:
  16              		.cfi_sections	.debug_frame
  17              		.file 1 "syscalls.c"
  18              		.section	.text.initialise_monitor_handles,"ax",%progbits
  19              		.align	1
  20              		.global	initialise_monitor_handles
  21              		.syntax unified
  22              		.thumb
  23              		.thumb_func
  25              	initialise_monitor_handles:
  26              	.LFB25:
   1:syscalls.c    **** /**
   2:syscalls.c    ****  ******************************************************************************
   3:syscalls.c    ****  * @file      syscalls.c
   4:syscalls.c    ****  * @author    Auto-generated by STM32CubeMX
   5:syscalls.c    ****  * @brief     Minimal System calls file
   6:syscalls.c    ****  *
   7:syscalls.c    ****  *            For more information about which c-functions
   8:syscalls.c    ****  *            need which of these lowlevel functions
   9:syscalls.c    ****  *            please consult the Newlib or Picolibc libc-manual
  10:syscalls.c    ****  ******************************************************************************
  11:syscalls.c    ****  * @attention
  12:syscalls.c    ****  *
  13:syscalls.c    ****  * Copyright (c) 2020-2025 STMicroelectronics.
  14:syscalls.c    ****  * All rights reserved.
  15:syscalls.c    ****  *
  16:syscalls.c    ****  * This software is licensed under terms that can be found in the LICENSE file
  17:syscalls.c    ****  * in the root directory of this software component.
  18:syscalls.c    ****  * If no LICENSE file comes with this software, it is provided AS-IS.
  19:syscalls.c    ****  *
  20:syscalls.c    ****  ******************************************************************************
  21:syscalls.c    ****  */
  22:syscalls.c    **** 
  23:syscalls.c    ****  // QEMU Serial Port Address
  24:syscalls.c    ****  volatile unsigned int *const USART1_SR = (unsigned int *)0x40013800;
  25:syscalls.c    **** volatile unsigned int *const USART1_DR = (unsigned int *)0x40013804;
  26:syscalls.c    **** 
  27:syscalls.c    **** /* Includes */
  28:syscalls.c    **** #include <sys/stat.h>
  29:syscalls.c    **** #include <stdlib.h>
  30:syscalls.c    **** #include <errno.h>
  31:syscalls.c    **** #include <stdio.h>
  32:syscalls.c    **** #include <signal.h>
ARM GAS  /tmp/ccJdskKm.s 			page 2


  33:syscalls.c    **** #include <time.h>
  34:syscalls.c    **** #include <sys/time.h>
  35:syscalls.c    **** #include <sys/times.h>
  36:syscalls.c    **** 
  37:syscalls.c    **** char *__env[1] = { 0 };
  38:syscalls.c    **** char **environ = __env;
  39:syscalls.c    **** 
  40:syscalls.c    **** 
  41:syscalls.c    **** /* Functions */
  42:syscalls.c    **** void initialise_monitor_handles()
  43:syscalls.c    **** {
  27              		.loc 1 43 1 view -0
  28              		.cfi_startproc
  29              		@ args = 0, pretend = 0, frame = 0
  30              		@ frame_needed = 0, uses_anonymous_args = 0
  31              		@ link register save eliminated.
  44:syscalls.c    **** }
  32              		.loc 1 44 1 view .LVU1
  33 0000 7047     		bx	lr
  34              		.cfi_endproc
  35              	.LFE25:
  37              		.section	.text._getpid,"ax",%progbits
  38              		.align	1
  39              		.global	_getpid
  40              		.syntax unified
  41              		.thumb
  42              		.thumb_func
  44              	_getpid:
  45              	.LFB26:
  45:syscalls.c    **** 
  46:syscalls.c    **** int _getpid(void)
  47:syscalls.c    **** {
  46              		.loc 1 47 1 view -0
  47              		.cfi_startproc
  48              		@ args = 0, pretend = 0, frame = 0
  49              		@ frame_needed = 0, uses_anonymous_args = 0
  50              		@ link register save eliminated.
  48:syscalls.c    ****   return 1;
  51              		.loc 1 48 3 view .LVU3
  49:syscalls.c    **** }
  52              		.loc 1 49 1 is_stmt 0 view .LVU4
  53 0000 0120     		movs	r0, #1
  54 0002 7047     		bx	lr
  55              		.cfi_endproc
  56              	.LFE26:
  58              		.section	.text._kill,"ax",%progbits
  59              		.align	1
  60              		.global	_kill
  61              		.syntax unified
  62              		.thumb
  63              		.thumb_func
  65              	_kill:
  66              	.LVL0:
  67              	.LFB27:
  50:syscalls.c    **** 
  51:syscalls.c    **** int _kill(int pid, int sig)
  52:syscalls.c    **** {
ARM GAS  /tmp/ccJdskKm.s 			page 3


  68              		.loc 1 52 1 is_stmt 1 view -0
  69              		.cfi_startproc
  70              		@ args = 0, pretend = 0, frame = 0
  71              		@ frame_needed = 0, uses_anonymous_args = 0
  72              		.loc 1 52 1 is_stmt 0 view .LVU6
  73 0000 08B5     		push	{r3, lr}
  74              	.LCFI0:
  75              		.cfi_def_cfa_offset 8
  76              		.cfi_offset 3, -8
  77              		.cfi_offset 14, -4
  53:syscalls.c    ****   (void)pid;
  78              		.loc 1 53 3 is_stmt 1 view .LVU7
  54:syscalls.c    ****   (void)sig;
  79              		.loc 1 54 3 view .LVU8
  55:syscalls.c    ****   errno = EINVAL;
  80              		.loc 1 55 3 view .LVU9
  81 0002 FFF7FEFF 		bl	__errno
  82              	.LVL1:
  83              		.loc 1 55 9 is_stmt 0 discriminator 1 view .LVU10
  84 0006 1623     		movs	r3, #22
  85 0008 0360     		str	r3, [r0]
  56:syscalls.c    ****   return -1;
  86              		.loc 1 56 3 is_stmt 1 view .LVU11
  57:syscalls.c    **** }
  87              		.loc 1 57 1 is_stmt 0 view .LVU12
  88 000a 4FF0FF30 		mov	r0, #-1
  89 000e 08BD     		pop	{r3, pc}
  90              		.cfi_endproc
  91              	.LFE27:
  93              		.section	.text._exit,"ax",%progbits
  94              		.align	1
  95              		.global	_exit
  96              		.syntax unified
  97              		.thumb
  98              		.thumb_func
 100              	_exit:
 101              	.LVL2:
 102              	.LFB28:
  58:syscalls.c    **** 
  59:syscalls.c    **** void _exit (int status)
  60:syscalls.c    **** {
 103              		.loc 1 60 1 is_stmt 1 view -0
 104              		.cfi_startproc
 105              		@ Volatile: function does not return.
 106              		@ args = 0, pretend = 0, frame = 0
 107              		@ frame_needed = 0, uses_anonymous_args = 0
 108              		.loc 1 60 1 is_stmt 0 view .LVU14
 109 0000 08B5     		push	{r3, lr}
 110              	.LCFI1:
 111              		.cfi_def_cfa_offset 8
 112              		.cfi_offset 3, -8
 113              		.cfi_offset 14, -4
  61:syscalls.c    ****   _kill(status, -1);
 114              		.loc 1 61 3 is_stmt 1 view .LVU15
 115 0002 4FF0FF31 		mov	r1, #-1
 116 0006 FFF7FEFF 		bl	_kill
 117              	.LVL3:
ARM GAS  /tmp/ccJdskKm.s 			page 4


 118              	.L6:
  62:syscalls.c    ****   while (1) {}    /* Make sure we hang here */
 119              		.loc 1 62 3 view .LVU16
 120              		.loc 1 62 14 view .LVU17
 121              		.loc 1 62 9 view .LVU18
 122 000a FEE7     		b	.L6
 123              		.cfi_endproc
 124              	.LFE28:
 126              		.section	.text._read,"ax",%progbits
 127              		.align	1
 128              		.weak	_read
 129              		.syntax unified
 130              		.thumb
 131              		.thumb_func
 133              	_read:
 134              	.LVL4:
 135              	.LFB29:
  63:syscalls.c    **** }
  64:syscalls.c    **** 
  65:syscalls.c    **** __attribute__((weak)) int _read(int file, char *ptr, int len)
  66:syscalls.c    **** {
 136              		.loc 1 66 1 view -0
 137              		.cfi_startproc
 138              		@ args = 0, pretend = 0, frame = 0
 139              		@ frame_needed = 0, uses_anonymous_args = 0
 140              		@ link register save eliminated.
 141              		.loc 1 66 1 is_stmt 0 view .LVU20
 142 0000 1046     		mov	r0, r2
 143              	.LVL5:
  67:syscalls.c    ****   (void)file;
 144              		.loc 1 67 3 is_stmt 1 view .LVU21
  68:syscalls.c    ****   int DataIdx;
 145              		.loc 1 68 3 view .LVU22
  69:syscalls.c    **** 
  70:syscalls.c    ****   for (DataIdx = 0; DataIdx < len; DataIdx++)
 146              		.loc 1 70 3 view .LVU23
 147              		.loc 1 70 16 is_stmt 0 view .LVU24
 148 0002 4FF0000C 		mov	ip, #0
 149              		.loc 1 70 3 view .LVU25
 150 0006 0CE0     		b	.L9
 151              	.LVL6:
 152              	.L10:
  71:syscalls.c    ****   {
  72:syscalls.c    ****     while( (*USART1_SR & 0x20) == 0 ) {} // Wait until data is available
 153              		.loc 1 72 40 is_stmt 1 discriminator 1 view .LVU26
 154              		.loc 1 72 32 discriminator 1 view .LVU27
 155              		.loc 1 72 13 is_stmt 0 discriminator 1 view .LVU28
 156 0008 074B     		ldr	r3, .L11
 157 000a D3F80038 		ldr	r3, [r3, #2048]
 158              		.loc 1 72 32 discriminator 1 view .LVU29
 159 000e 13F0200F 		tst	r3, #32
 160 0012 F9D0     		beq	.L10
  73:syscalls.c    ****     *ptr++ = *USART1_DR;
 161              		.loc 1 73 5 is_stmt 1 view .LVU30
 162              		.loc 1 73 14 is_stmt 0 view .LVU31
 163 0014 044B     		ldr	r3, .L11
 164 0016 D3F80438 		ldr	r3, [r3, #2052]
ARM GAS  /tmp/ccJdskKm.s 			page 5


 165              	.LVL7:
 166              		.loc 1 73 12 view .LVU32
 167 001a 01F8013B 		strb	r3, [r1], #1
 168              	.LVL8:
  70:syscalls.c    ****   {
 169              		.loc 1 70 43 is_stmt 1 discriminator 2 view .LVU33
 170 001e 0CF1010C 		add	ip, ip, #1
 171              	.LVL9:
 172              	.L9:
  70:syscalls.c    ****   {
 173              		.loc 1 70 29 discriminator 1 view .LVU34
 174 0022 8445     		cmp	ip, r0
 175 0024 F0DB     		blt	.L10
  74:syscalls.c    ****   }
  75:syscalls.c    **** 
  76:syscalls.c    ****   return len;
 176              		.loc 1 76 3 view .LVU35
  77:syscalls.c    **** }
 177              		.loc 1 77 1 is_stmt 0 view .LVU36
 178 0026 7047     		bx	lr
 179              	.L12:
 180              		.align	2
 181              	.L11:
 182 0028 00300140 		.word	1073819648
 183              		.cfi_endproc
 184              	.LFE29:
 186              		.section	.text._write,"ax",%progbits
 187              		.align	1
 188              		.weak	_write
 189              		.syntax unified
 190              		.thumb
 191              		.thumb_func
 193              	_write:
 194              	.LVL10:
 195              	.LFB30:
  78:syscalls.c    **** 
  79:syscalls.c    **** // Send a character to the terminal window
  80:syscalls.c    **** __attribute__((weak)) int _write(int file, char *ptr, int len)
  81:syscalls.c    **** {
 196              		.loc 1 81 1 is_stmt 1 view -0
 197              		.cfi_startproc
 198              		@ args = 0, pretend = 0, frame = 0
 199              		@ frame_needed = 0, uses_anonymous_args = 0
 200              		@ link register save eliminated.
 201              		.loc 1 81 1 is_stmt 0 view .LVU38
 202 0000 1046     		mov	r0, r2
 203              	.LVL11:
  82:syscalls.c    ****   (void)file;
 204              		.loc 1 82 3 is_stmt 1 view .LVU39
  83:syscalls.c    ****   int DataIdx;
 205              		.loc 1 83 3 view .LVU40
  84:syscalls.c    **** 
  85:syscalls.c    ****   for (DataIdx = 0; DataIdx < len; DataIdx++)
 206              		.loc 1 85 3 view .LVU41
 207              		.loc 1 85 16 is_stmt 0 view .LVU42
 208 0002 0023     		movs	r3, #0
 209              	.LVL12:
ARM GAS  /tmp/ccJdskKm.s 			page 6


 210              		.loc 1 85 29 is_stmt 1 discriminator 1 view .LVU43
 211 0004 9342     		cmp	r3, r2
 212 0006 0ADA     		bge	.L20
  81:syscalls.c    ****   (void)file;
 213              		.loc 1 81 1 is_stmt 0 view .LVU44
 214 0008 30B4     		push	{r4, r5}
 215              	.LCFI2:
 216              		.cfi_def_cfa_offset 8
 217              		.cfi_offset 4, -8
 218              		.cfi_offset 5, -4
 219              	.L15:
  86:syscalls.c    ****   {
  87:syscalls.c    ****     *USART1_DR = *ptr++;
 220              		.loc 1 87 5 is_stmt 1 view .LVU45
 221              	.LVL13:
 222              		.loc 1 87 18 is_stmt 0 view .LVU46
 223 000a 11F8015B 		ldrb	r5, [r1], #1	@ zero_extendqisi2
 224              	.LVL14:
 225              		.loc 1 87 16 view .LVU47
 226 000e 044C     		ldr	r4, .L21
 227 0010 C4F80458 		str	r5, [r4, #2052]
  85:syscalls.c    ****   {
 228              		.loc 1 85 43 is_stmt 1 discriminator 3 view .LVU48
 229 0014 0133     		adds	r3, r3, #1
 230              	.LVL15:
  85:syscalls.c    ****   {
 231              		.loc 1 85 29 discriminator 1 view .LVU49
 232 0016 8342     		cmp	r3, r0
 233 0018 F7DB     		blt	.L15
  88:syscalls.c    ****   }
  89:syscalls.c    ****   return len;
 234              		.loc 1 89 3 view .LVU50
  90:syscalls.c    **** }
 235              		.loc 1 90 1 is_stmt 0 view .LVU51
 236 001a 30BC     		pop	{r4, r5}
 237              	.LCFI3:
 238              		.cfi_restore 5
 239              		.cfi_restore 4
 240              		.cfi_def_cfa_offset 0
 241 001c 7047     		bx	lr
 242              	.LVL16:
 243              	.L20:
 244              		.loc 1 90 1 view .LVU52
 245 001e 7047     		bx	lr
 246              	.L22:
 247              		.align	2
 248              	.L21:
 249 0020 00300140 		.word	1073819648
 250              		.cfi_endproc
 251              	.LFE30:
 253              		.section	.text._close,"ax",%progbits
 254              		.align	1
 255              		.global	_close
 256              		.syntax unified
 257              		.thumb
 258              		.thumb_func
 260              	_close:
ARM GAS  /tmp/ccJdskKm.s 			page 7


 261              	.LVL17:
 262              	.LFB31:
  91:syscalls.c    **** 
  92:syscalls.c    **** int _close(int file)
  93:syscalls.c    **** {
 263              		.loc 1 93 1 is_stmt 1 view -0
 264              		.cfi_startproc
 265              		@ args = 0, pretend = 0, frame = 0
 266              		@ frame_needed = 0, uses_anonymous_args = 0
 267              		@ link register save eliminated.
  94:syscalls.c    ****   (void)file;
 268              		.loc 1 94 3 view .LVU54
  95:syscalls.c    ****   return -1;
 269              		.loc 1 95 3 view .LVU55
  96:syscalls.c    **** }
 270              		.loc 1 96 1 is_stmt 0 view .LVU56
 271 0000 4FF0FF30 		mov	r0, #-1
 272              	.LVL18:
 273              		.loc 1 96 1 view .LVU57
 274 0004 7047     		bx	lr
 275              		.cfi_endproc
 276              	.LFE31:
 278              		.section	.text._fstat,"ax",%progbits
 279              		.align	1
 280              		.global	_fstat
 281              		.syntax unified
 282              		.thumb
 283              		.thumb_func
 285              	_fstat:
 286              	.LVL19:
 287              	.LFB32:
  97:syscalls.c    **** 
  98:syscalls.c    **** 
  99:syscalls.c    **** int _fstat(int file, struct stat *st)
 100:syscalls.c    **** {
 288              		.loc 1 100 1 is_stmt 1 view -0
 289              		.cfi_startproc
 290              		@ args = 0, pretend = 0, frame = 0
 291              		@ frame_needed = 0, uses_anonymous_args = 0
 292              		@ link register save eliminated.
 101:syscalls.c    ****   (void)file;
 293              		.loc 1 101 3 view .LVU59
 102:syscalls.c    ****   st->st_mode = S_IFCHR;
 294              		.loc 1 102 3 view .LVU60
 295              		.loc 1 102 15 is_stmt 0 view .LVU61
 296 0000 4FF40053 		mov	r3, #8192
 297 0004 4B60     		str	r3, [r1, #4]
 103:syscalls.c    ****   return 0;
 298              		.loc 1 103 3 is_stmt 1 view .LVU62
 104:syscalls.c    **** }
 299              		.loc 1 104 1 is_stmt 0 view .LVU63
 300 0006 0020     		movs	r0, #0
 301              	.LVL20:
 302              		.loc 1 104 1 view .LVU64
 303 0008 7047     		bx	lr
 304              		.cfi_endproc
 305              	.LFE32:
ARM GAS  /tmp/ccJdskKm.s 			page 8


 307              		.section	.text._isatty,"ax",%progbits
 308              		.align	1
 309              		.global	_isatty
 310              		.syntax unified
 311              		.thumb
 312              		.thumb_func
 314              	_isatty:
 315              	.LVL21:
 316              	.LFB33:
 105:syscalls.c    **** 
 106:syscalls.c    **** int _isatty(int file)
 107:syscalls.c    **** {
 317              		.loc 1 107 1 is_stmt 1 view -0
 318              		.cfi_startproc
 319              		@ args = 0, pretend = 0, frame = 0
 320              		@ frame_needed = 0, uses_anonymous_args = 0
 321              		@ link register save eliminated.
 108:syscalls.c    ****   (void)file;
 322              		.loc 1 108 3 view .LVU66
 109:syscalls.c    ****   return 1;
 323              		.loc 1 109 3 view .LVU67
 110:syscalls.c    **** }
 324              		.loc 1 110 1 is_stmt 0 view .LVU68
 325 0000 0120     		movs	r0, #1
 326              	.LVL22:
 327              		.loc 1 110 1 view .LVU69
 328 0002 7047     		bx	lr
 329              		.cfi_endproc
 330              	.LFE33:
 332              		.section	.text._lseek,"ax",%progbits
 333              		.align	1
 334              		.global	_lseek
 335              		.syntax unified
 336              		.thumb
 337              		.thumb_func
 339              	_lseek:
 340              	.LVL23:
 341              	.LFB34:
 111:syscalls.c    **** 
 112:syscalls.c    **** int _lseek(int file, int ptr, int dir)
 113:syscalls.c    **** {
 342              		.loc 1 113 1 is_stmt 1 view -0
 343              		.cfi_startproc
 344              		@ args = 0, pretend = 0, frame = 0
 345              		@ frame_needed = 0, uses_anonymous_args = 0
 346              		@ link register save eliminated.
 114:syscalls.c    ****   (void)file;
 347              		.loc 1 114 3 view .LVU71
 115:syscalls.c    ****   (void)ptr;
 348              		.loc 1 115 3 view .LVU72
 116:syscalls.c    ****   (void)dir;
 349              		.loc 1 116 3 view .LVU73
 117:syscalls.c    ****   return 0;
 350              		.loc 1 117 3 view .LVU74
 118:syscalls.c    **** }
 351              		.loc 1 118 1 is_stmt 0 view .LVU75
 352 0000 0020     		movs	r0, #0
ARM GAS  /tmp/ccJdskKm.s 			page 9


 353              	.LVL24:
 354              		.loc 1 118 1 view .LVU76
 355 0002 7047     		bx	lr
 356              		.cfi_endproc
 357              	.LFE34:
 359              		.section	.text._open,"ax",%progbits
 360              		.align	1
 361              		.global	_open
 362              		.syntax unified
 363              		.thumb
 364              		.thumb_func
 366              	_open:
 367              	.LVL25:
 368              	.LFB35:
 119:syscalls.c    **** 
 120:syscalls.c    **** int _open(char *path, int flags, ...)
 121:syscalls.c    **** {
 369              		.loc 1 121 1 is_stmt 1 view -0
 370              		.cfi_startproc
 371              		@ args = 4, pretend = 12, frame = 0
 372              		@ frame_needed = 0, uses_anonymous_args = 1
 373              		@ link register save eliminated.
 374              		.loc 1 121 1 is_stmt 0 view .LVU78
 375 0000 0EB4     		push	{r1, r2, r3}
 376              	.LCFI4:
 377              		.cfi_def_cfa_offset 12
 378              		.cfi_offset 1, -12
 379              		.cfi_offset 2, -8
 380              		.cfi_offset 3, -4
 122:syscalls.c    ****   (void)path;
 381              		.loc 1 122 3 is_stmt 1 view .LVU79
 123:syscalls.c    ****   (void)flags;
 382              		.loc 1 123 3 view .LVU80
 124:syscalls.c    ****   /* Pretend like we always fail */
 125:syscalls.c    ****   return -1;
 383              		.loc 1 125 3 view .LVU81
 126:syscalls.c    **** }
 384              		.loc 1 126 1 is_stmt 0 view .LVU82
 385 0002 4FF0FF30 		mov	r0, #-1
 386              	.LVL26:
 387              		.loc 1 126 1 view .LVU83
 388 0006 03B0     		add	sp, sp, #12
 389              	.LCFI5:
 390              		.cfi_restore 3
 391              		.cfi_restore 2
 392              		.cfi_restore 1
 393              		.cfi_def_cfa_offset 0
 394 0008 7047     		bx	lr
 395              		.cfi_endproc
 396              	.LFE35:
 398              		.section	.text._wait,"ax",%progbits
 399              		.align	1
 400              		.global	_wait
 401              		.syntax unified
 402              		.thumb
 403              		.thumb_func
 405              	_wait:
ARM GAS  /tmp/ccJdskKm.s 			page 10


 406              	.LVL27:
 407              	.LFB36:
 127:syscalls.c    **** 
 128:syscalls.c    **** int _wait(int *status)
 129:syscalls.c    **** {
 408              		.loc 1 129 1 is_stmt 1 view -0
 409              		.cfi_startproc
 410              		@ args = 0, pretend = 0, frame = 0
 411              		@ frame_needed = 0, uses_anonymous_args = 0
 412              		.loc 1 129 1 is_stmt 0 view .LVU85
 413 0000 08B5     		push	{r3, lr}
 414              	.LCFI6:
 415              		.cfi_def_cfa_offset 8
 416              		.cfi_offset 3, -8
 417              		.cfi_offset 14, -4
 130:syscalls.c    ****   (void)status;
 418              		.loc 1 130 3 is_stmt 1 view .LVU86
 131:syscalls.c    ****   errno = ECHILD;
 419              		.loc 1 131 3 view .LVU87
 420 0002 FFF7FEFF 		bl	__errno
 421              	.LVL28:
 422              		.loc 1 131 9 is_stmt 0 discriminator 1 view .LVU88
 423 0006 0A23     		movs	r3, #10
 424 0008 0360     		str	r3, [r0]
 132:syscalls.c    ****   return -1;
 425              		.loc 1 132 3 is_stmt 1 view .LVU89
 133:syscalls.c    **** }
 426              		.loc 1 133 1 is_stmt 0 view .LVU90
 427 000a 4FF0FF30 		mov	r0, #-1
 428 000e 08BD     		pop	{r3, pc}
 429              		.cfi_endproc
 430              	.LFE36:
 432              		.section	.text._unlink,"ax",%progbits
 433              		.align	1
 434              		.global	_unlink
 435              		.syntax unified
 436              		.thumb
 437              		.thumb_func
 439              	_unlink:
 440              	.LVL29:
 441              	.LFB37:
 134:syscalls.c    **** 
 135:syscalls.c    **** int _unlink(char *name)
 136:syscalls.c    **** {
 442              		.loc 1 136 1 is_stmt 1 view -0
 443              		.cfi_startproc
 444              		@ args = 0, pretend = 0, frame = 0
 445              		@ frame_needed = 0, uses_anonymous_args = 0
 446              		.loc 1 136 1 is_stmt 0 view .LVU92
 447 0000 08B5     		push	{r3, lr}
 448              	.LCFI7:
 449              		.cfi_def_cfa_offset 8
 450              		.cfi_offset 3, -8
 451              		.cfi_offset 14, -4
 137:syscalls.c    ****   (void)name;
 452              		.loc 1 137 3 is_stmt 1 view .LVU93
 138:syscalls.c    ****   errno = ENOENT;
ARM GAS  /tmp/ccJdskKm.s 			page 11


 453              		.loc 1 138 3 view .LVU94
 454 0002 FFF7FEFF 		bl	__errno
 455              	.LVL30:
 456              		.loc 1 138 9 is_stmt 0 discriminator 1 view .LVU95
 457 0006 0223     		movs	r3, #2
 458 0008 0360     		str	r3, [r0]
 139:syscalls.c    ****   return -1;
 459              		.loc 1 139 3 is_stmt 1 view .LVU96
 140:syscalls.c    **** }
 460              		.loc 1 140 1 is_stmt 0 view .LVU97
 461 000a 4FF0FF30 		mov	r0, #-1
 462 000e 08BD     		pop	{r3, pc}
 463              		.cfi_endproc
 464              	.LFE37:
 466              		.section	.text._times,"ax",%progbits
 467              		.align	1
 468              		.global	_times
 469              		.syntax unified
 470              		.thumb
 471              		.thumb_func
 473              	_times:
 474              	.LVL31:
 475              	.LFB38:
 141:syscalls.c    **** 
 142:syscalls.c    **** clock_t _times(struct tms *buf)
 143:syscalls.c    **** {
 476              		.loc 1 143 1 is_stmt 1 view -0
 477              		.cfi_startproc
 478              		@ args = 0, pretend = 0, frame = 0
 479              		@ frame_needed = 0, uses_anonymous_args = 0
 480              		@ link register save eliminated.
 144:syscalls.c    ****   (void)buf;
 481              		.loc 1 144 3 view .LVU99
 145:syscalls.c    ****   return -1;
 482              		.loc 1 145 3 view .LVU100
 146:syscalls.c    **** }
 483              		.loc 1 146 1 is_stmt 0 view .LVU101
 484 0000 4FF0FF30 		mov	r0, #-1
 485              	.LVL32:
 486              		.loc 1 146 1 view .LVU102
 487 0004 7047     		bx	lr
 488              		.cfi_endproc
 489              	.LFE38:
 491              		.section	.text._stat,"ax",%progbits
 492              		.align	1
 493              		.global	_stat
 494              		.syntax unified
 495              		.thumb
 496              		.thumb_func
 498              	_stat:
 499              	.LVL33:
 500              	.LFB39:
 147:syscalls.c    **** 
 148:syscalls.c    **** int _stat(const char *file, struct stat *st)
 149:syscalls.c    **** {
 501              		.loc 1 149 1 is_stmt 1 view -0
 502              		.cfi_startproc
ARM GAS  /tmp/ccJdskKm.s 			page 12


 503              		@ args = 0, pretend = 0, frame = 0
 504              		@ frame_needed = 0, uses_anonymous_args = 0
 505              		@ link register save eliminated.
 150:syscalls.c    ****   (void)file;
 506              		.loc 1 150 3 view .LVU104
 151:syscalls.c    ****   st->st_mode = S_IFCHR;
 507              		.loc 1 151 3 view .LVU105
 508              		.loc 1 151 15 is_stmt 0 view .LVU106
 509 0000 4FF40053 		mov	r3, #8192
 510 0004 4B60     		str	r3, [r1, #4]
 152:syscalls.c    ****   return 0;
 511              		.loc 1 152 3 is_stmt 1 view .LVU107
 153:syscalls.c    **** }
 512              		.loc 1 153 1 is_stmt 0 view .LVU108
 513 0006 0020     		movs	r0, #0
 514              	.LVL34:
 515              		.loc 1 153 1 view .LVU109
 516 0008 7047     		bx	lr
 517              		.cfi_endproc
 518              	.LFE39:
 520              		.section	.text._link,"ax",%progbits
 521              		.align	1
 522              		.global	_link
 523              		.syntax unified
 524              		.thumb
 525              		.thumb_func
 527              	_link:
 528              	.LVL35:
 529              	.LFB40:
 154:syscalls.c    **** 
 155:syscalls.c    **** int _link(char *old, char *new)
 156:syscalls.c    **** {
 530              		.loc 1 156 1 is_stmt 1 view -0
 531              		.cfi_startproc
 532              		@ args = 0, pretend = 0, frame = 0
 533              		@ frame_needed = 0, uses_anonymous_args = 0
 534              		.loc 1 156 1 is_stmt 0 view .LVU111
 535 0000 08B5     		push	{r3, lr}
 536              	.LCFI8:
 537              		.cfi_def_cfa_offset 8
 538              		.cfi_offset 3, -8
 539              		.cfi_offset 14, -4
 157:syscalls.c    ****   (void)old;
 540              		.loc 1 157 3 is_stmt 1 view .LVU112
 158:syscalls.c    ****   (void)new;
 541              		.loc 1 158 3 view .LVU113
 159:syscalls.c    ****   errno = EMLINK;
 542              		.loc 1 159 3 view .LVU114
 543 0002 FFF7FEFF 		bl	__errno
 544              	.LVL36:
 545              		.loc 1 159 9 is_stmt 0 discriminator 1 view .LVU115
 546 0006 1F23     		movs	r3, #31
 547 0008 0360     		str	r3, [r0]
 160:syscalls.c    ****   return -1;
 548              		.loc 1 160 3 is_stmt 1 view .LVU116
 161:syscalls.c    **** }
 549              		.loc 1 161 1 is_stmt 0 view .LVU117
ARM GAS  /tmp/ccJdskKm.s 			page 13


 550 000a 4FF0FF30 		mov	r0, #-1
 551 000e 08BD     		pop	{r3, pc}
 552              		.cfi_endproc
 553              	.LFE40:
 555              		.section	.text._fork,"ax",%progbits
 556              		.align	1
 557              		.global	_fork
 558              		.syntax unified
 559              		.thumb
 560              		.thumb_func
 562              	_fork:
 563              	.LFB41:
 162:syscalls.c    **** 
 163:syscalls.c    **** int _fork(void)
 164:syscalls.c    **** {
 564              		.loc 1 164 1 is_stmt 1 view -0
 565              		.cfi_startproc
 566              		@ args = 0, pretend = 0, frame = 0
 567              		@ frame_needed = 0, uses_anonymous_args = 0
 568 0000 08B5     		push	{r3, lr}
 569              	.LCFI9:
 570              		.cfi_def_cfa_offset 8
 571              		.cfi_offset 3, -8
 572              		.cfi_offset 14, -4
 165:syscalls.c    ****   errno = EAGAIN;
 573              		.loc 1 165 3 view .LVU119
 574 0002 FFF7FEFF 		bl	__errno
 575              	.LVL37:
 576              		.loc 1 165 9 is_stmt 0 discriminator 1 view .LVU120
 577 0006 0B23     		movs	r3, #11
 578 0008 0360     		str	r3, [r0]
 166:syscalls.c    ****   return -1;
 579              		.loc 1 166 3 is_stmt 1 view .LVU121
 167:syscalls.c    **** }
 580              		.loc 1 167 1 is_stmt 0 view .LVU122
 581 000a 4FF0FF30 		mov	r0, #-1
 582 000e 08BD     		pop	{r3, pc}
 583              		.cfi_endproc
 584              	.LFE41:
 586              		.section	.text._execve,"ax",%progbits
 587              		.align	1
 588              		.global	_execve
 589              		.syntax unified
 590              		.thumb
 591              		.thumb_func
 593              	_execve:
 594              	.LVL38:
 595              	.LFB42:
 168:syscalls.c    **** 
 169:syscalls.c    **** int _execve(char *name, char **argv, char **env)
 170:syscalls.c    **** {
 596              		.loc 1 170 1 is_stmt 1 view -0
 597              		.cfi_startproc
 598              		@ args = 0, pretend = 0, frame = 0
 599              		@ frame_needed = 0, uses_anonymous_args = 0
 600              		.loc 1 170 1 is_stmt 0 view .LVU124
 601 0000 08B5     		push	{r3, lr}
ARM GAS  /tmp/ccJdskKm.s 			page 14


 602              	.LCFI10:
 603              		.cfi_def_cfa_offset 8
 604              		.cfi_offset 3, -8
 605              		.cfi_offset 14, -4
 171:syscalls.c    ****   (void)name;
 606              		.loc 1 171 3 is_stmt 1 view .LVU125
 172:syscalls.c    ****   (void)argv;
 607              		.loc 1 172 3 view .LVU126
 173:syscalls.c    ****   (void)env;
 608              		.loc 1 173 3 view .LVU127
 174:syscalls.c    ****   errno = ENOMEM;
 609              		.loc 1 174 3 view .LVU128
 610 0002 FFF7FEFF 		bl	__errno
 611              	.LVL39:
 612              		.loc 1 174 9 is_stmt 0 discriminator 1 view .LVU129
 613 0006 0C23     		movs	r3, #12
 614 0008 0360     		str	r3, [r0]
 175:syscalls.c    ****   return -1;
 615              		.loc 1 175 3 is_stmt 1 view .LVU130
 176:syscalls.c    **** }...
 616              		.loc 1 176 1 is_stmt 0 view .LVU131
 617 000a 4FF0FF30 		mov	r0, #-1
 618 000e 08BD     		pop	{r3, pc}
 619              		.cfi_endproc
 620              	.LFE42:
 622              		.global	environ
 623              		.section	.data.environ,"aw"
 624              		.align	2
 627              	environ:
 628 0000 00000000 		.word	__env
 629              		.global	__env
 630              		.section	.bss.__env,"aw",%nobits
 631              		.align	2
 634              	__env:
 635 0000 00000000 		.space	4
 636              		.global	USART1_DR
 637              		.section	.rodata.USART1_DR,"a"
 638              		.align	2
 641              	USART1_DR:
 642 0000 04380140 		.word	1073821700
 643              		.global	USART1_SR
 644              		.section	.rodata.USART1_SR,"a"
 645              		.align	2
 648              	USART1_SR:
 649 0000 00380140 		.word	1073821696
 650              		.text
 651              	.Letext0:
 652              		.file 2 "/opt/tools/arm-gnu-toolchain-13.2.Rel1-x86_64-arm-none-eabi/arm-none-eabi/include/machine
 653              		.file 3 "/opt/tools/arm-gnu-toolchain-13.2.Rel1-x86_64-arm-none-eabi/arm-none-eabi/include/sys/_ty
 654              		.file 4 "/opt/tools/arm-gnu-toolchain-13.2.Rel1-x86_64-arm-none-eabi/arm-none-eabi/include/sys/_ti
 655              		.file 5 "/opt/tools/arm-gnu-toolchain-13.2.Rel1-x86_64-arm-none-eabi/arm-none-eabi/include/sys/_ti
 656              		.file 6 "/opt/tools/arm-gnu-toolchain-13.2.Rel1-x86_64-arm-none-eabi/arm-none-eabi/include/sys/typ
 657              		.file 7 "/opt/tools/arm-gnu-toolchain-13.2.Rel1-x86_64-arm-none-eabi/arm-none-eabi/include/sys/sta
 658              		.file 8 "/opt/tools/arm-gnu-toolchain-13.2.Rel1-x86_64-arm-none-eabi/arm-none-eabi/include/sys/tim
 659              		.file 9 "/opt/tools/arm-gnu-toolchain-13.2.Rel1-x86_64-arm-none-eabi/arm-none-eabi/include/sys/err
ARM GAS  /tmp/ccJdskKm.s 			page 15


DEFINED SYMBOLS
                            *ABS*:00000000 syscalls.c
     /tmp/ccJdskKm.s:19     .text.initialise_monitor_handles:00000000 $t
     /tmp/ccJdskKm.s:25     .text.initialise_monitor_handles:00000000 initialise_monitor_handles
     /tmp/ccJdskKm.s:38     .text._getpid:00000000 $t
     /tmp/ccJdskKm.s:44     .text._getpid:00000000 _getpid
     /tmp/ccJdskKm.s:59     .text._kill:00000000 $t
     /tmp/ccJdskKm.s:65     .text._kill:00000000 _kill
     /tmp/ccJdskKm.s:94     .text._exit:00000000 $t
     /tmp/ccJdskKm.s:100    .text._exit:00000000 _exit
     /tmp/ccJdskKm.s:127    .text._read:00000000 $t
     /tmp/ccJdskKm.s:133    .text._read:00000000 _read
     /tmp/ccJdskKm.s:182    .text._read:00000028 $d
     /tmp/ccJdskKm.s:187    .text._write:00000000 $t
     /tmp/ccJdskKm.s:193    .text._write:00000000 _write
     /tmp/ccJdskKm.s:249    .text._write:00000020 $d
     /tmp/ccJdskKm.s:254    .text._close:00000000 $t
     /tmp/ccJdskKm.s:260    .text._close:00000000 _close
     /tmp/ccJdskKm.s:279    .text._fstat:00000000 $t
     /tmp/ccJdskKm.s:285    .text._fstat:00000000 _fstat
     /tmp/ccJdskKm.s:308    .text._isatty:00000000 $t
     /tmp/ccJdskKm.s:314    .text._isatty:00000000 _isatty
     /tmp/ccJdskKm.s:333    .text._lseek:00000000 $t
     /tmp/ccJdskKm.s:339    .text._lseek:00000000 _lseek
     /tmp/ccJdskKm.s:360    .text._open:00000000 $t
     /tmp/ccJdskKm.s:366    .text._open:00000000 _open
     /tmp/ccJdskKm.s:399    .text._wait:00000000 $t
     /tmp/ccJdskKm.s:405    .text._wait:00000000 _wait
     /tmp/ccJdskKm.s:433    .text._unlink:00000000 $t
     /tmp/ccJdskKm.s:439    .text._unlink:00000000 _unlink
     /tmp/ccJdskKm.s:467    .text._times:00000000 $t
     /tmp/ccJdskKm.s:473    .text._times:00000000 _times
     /tmp/ccJdskKm.s:492    .text._stat:00000000 $t
     /tmp/ccJdskKm.s:498    .text._stat:00000000 _stat
     /tmp/ccJdskKm.s:521    .text._link:00000000 $t
     /tmp/ccJdskKm.s:527    .text._link:00000000 _link
     /tmp/ccJdskKm.s:556    .text._fork:00000000 $t
     /tmp/ccJdskKm.s:562    .text._fork:00000000 _fork
     /tmp/ccJdskKm.s:587    .text._execve:00000000 $t
     /tmp/ccJdskKm.s:593    .text._execve:00000000 _execve
     /tmp/ccJdskKm.s:627    .data.environ:00000000 environ
     /tmp/ccJdskKm.s:624    .data.environ:00000000 $d
     /tmp/ccJdskKm.s:634    .bss.__env:00000000 __env
     /tmp/ccJdskKm.s:631    .bss.__env:00000000 $d
     /tmp/ccJdskKm.s:641    .rodata.USART1_DR:00000000 USART1_DR
     /tmp/ccJdskKm.s:638    .rodata.USART1_DR:00000000 $d
     /tmp/ccJdskKm.s:648    .rodata.USART1_SR:00000000 USART1_SR
     /tmp/ccJdskKm.s:645    .rodata.USART1_SR:00000000 $d

UNDEFINED SYMBOLS
__errno
